// Jest Snapshot v1, https://goo.gl/fbAQLP

exports[`App Render properly check snapshot state 1`] = `null`;
